{"previous_close":10000,"tick":1,"band":null,"steps":[
{"line":5,"text":"PHASE PREOPEN","phase_before":"CLOSED","phase":"PREOPEN","reject":null,"stage":"normal","trades":[],"book":{"kind":"pre-open","orders":[]},"auction":null},
{"line":6,"text":"ADD 1 BUY LIMIT 102.00 300","phase_before":"PREOPEN","phase":"PREOPEN","reject":null,"stage":"normal","trades":[],"book":{"kind":"pre-open","orders":[{"id":1,"side":"BUY","type":"LIMIT","price":10200,"qty":300,"seq":1}]},"auction":null},
{"line":7,"text":"ADD 11 SELL LIMIT 99.00 150","phase_before":"PREOPEN","phase":"PREOPEN","reject":null,"stage":"normal","trades":[],"book":{"kind":"pre-open","orders":[{"id":1,"side":"BUY","type":"LIMIT","price":10200,"qty":300,"seq":1},{"id":11,"side":"SELL","type":"LIMIT","price":9900,"qty":150,"seq":2}]},"auction":null},
{"line":8,"text":"ADD 2 BUY LIMIT 101.00 200","phase_before":"PREOPEN","phase":"PREOPEN","reject":null,"stage":"normal","trades":[],"book":{"kind":"pre-open","orders":[{"id":1,"side":"BUY","type":"LIMIT","price":10200,"qty":300,"seq":1},{"id":11,"side":"SELL","type":"LIMIT","price":9900,"qty":150,"seq":2},{"id":2,"side":"BUY","type":"LIMIT","price":10100,"qty":200,"seq":3}]},"auction":null},
{"line":9,"text":"ADD 12 SELL LIMIT 100.00 200","phase_before":"PREOPEN","phase":"PREOPEN","reject":null,"stage":"normal","trades":[],"book":{"kind":"pre-open","orders":[{"id":1,"side":"BUY","type":"LIMIT","price":10200,"qty":300,"seq":1},{"id":11,"side":"SELL","type":"LIMIT","price":9900,"qty":150,"seq":2},{"id":2,"side":"BUY","type":"LIMIT","price":10100,"qty":200,"seq":3},{"id":12,"side":"SELL","type":"LIMIT","price":10000,"qty":200,"seq":4}]},"auction":null},
{"line":10,"text":"ADD 3 BUY LIMIT 100.00 100","phase_before":"PREOPEN","phase":"PREOPEN","reject":null,"stage":"normal","trades":[],"book":{"kind":"pre-open","orders":[{"id":1,"side":"BUY","type":"LIMIT","price":10200,"qty":300,"seq":1},{"id":11,"side":"SELL","type":"LIMIT","price":9900,"qty":150,"seq":2},{"id":2,"side":"BUY","type":"LIMIT","price":10100,"qty":200,"seq":3},{"id":12,"side":"SELL","type":"LIMIT","price":10000,"qty":200,"seq":4},{"id":3,"side":"BUY","type":"LIMIT","price":10000,"qty":100,"seq":5}]},"auction":null},
{"line":11,"text":"ADD 13 SELL LIMIT 101.00 250","phase_before":"PREOPEN","phase":"PREOPEN","reject":null,"stage":"normal","trades":[],"book":{"kind":"pre-open","orders":[{"id":1,"side":"BUY","type":"LIMIT","price":10200,"qty":300,"seq":1},{"id":11,"side":"SELL","type":"LIMIT","price":9900,"qty":150,"seq":2},{"id":2,"side":"BUY","type":"LIMIT","price":10100,"qty":200,"seq":3},{"id":12,"side":"SELL","type":"LIMIT","price":10000,"qty":200,"seq":4},{"id":3,"side":"BUY","type":"LIMIT","price":10000,"qty":100,"seq":5},{"id":13,"side":"SELL","type":"LIMIT","price":10100,"qty":250,"seq":6}]},"auction":null},
{"line":13,"text":"PHASE LIMIT_ONLY","phase_before":"PREOPEN","phase":"LIMIT_ONLY","reject":null,"stage":"normal","trades":[],"book":{"kind":"pre-open","orders":[{"id":1,"side":"BUY","type":"LIMIT","price":10200,"qty":300,"seq":1},{"id":11,"side":"SELL","type":"LIMIT","price":9900,"qty":150,"seq":2},{"id":2,"side":"BUY","type":"LIMIT","price":10100,"qty":200,"seq":3},{"id":12,"side":"SELL","type":"LIMIT","price":10000,"qty":200,"seq":4},{"id":3,"side":"BUY","type":"LIMIT","price":10000,"qty":100,"seq":5},{"id":13,"side":"SELL","type":"LIMIT","price":10100,"qty":250,"seq":6}]},"auction":null},
{"line":14,"text":"ADD 4 BUY MARKET 50","phase_before":"LIMIT_ONLY","phase":"LIMIT_ONLY","reject":"MarketOrdersClosed","stage":"normal","trades":[],"book":{"kind":"pre-open","orders":[{"id":1,"side":"BUY","type":"LIMIT","price":10200,"qty":300,"seq":1},{"id":11,"side":"SELL","type":"LIMIT","price":9900,"qty":150,"seq":2},{"id":2,"side":"BUY","type":"LIMIT","price":10100,"qty":200,"seq":3},{"id":12,"side":"SELL","type":"LIMIT","price":10000,"qty":200,"seq":4},{"id":3,"side":"BUY","type":"LIMIT","price":10000,"qty":100,"seq":5},{"id":13,"side":"SELL","type":"LIMIT","price":10100,"qty":250,"seq":6}]},"auction":null},
{"line":16,"text":"PHASE AUCTION","phase_before":"LIMIT_ONLY","phase":"AUCTION","reject":null,"stage":"auction","trades":[{"buy":1,"sell":11,"price":10100,"qty":150},{"buy":1,"sell":12,"price":10100,"qty":150},{"buy":2,"sell":12,"price":10100,"qty":50},{"buy":2,"sell":13,"price":10100,"qty":150}],"book":{"kind":"auction leftovers","orders":[{"id":3,"side":"BUY","type":"LIMIT","price":10000,"qty":100,"seq":5},{"id":13,"side":"SELL","type":"LIMIT","price":10100,"qty":100,"seq":6}]},"auction":{"price":10100,"quantity":500,"imbalance":100,"rule":"MaxTradable","market_buy":0,"market_sell":0,"table":[{"price":9900,"demand":600,"supply":150,"tradable":150,"imbalance":450,"out_at":1},{"price":10000,"demand":600,"supply":350,"tradable":350,"imbalance":250,"out_at":1},{"price":10100,"demand":500,"supply":600,"tradable":500,"imbalance":100,"out_at":0},{"price":10200,"demand":300,"supply":600,"tradable":300,"imbalance":300,"out_at":1}]}},
{"line":17,"text":"PHASE CONTINUOUS","phase_before":"AUCTION","phase":"CONTINUOUS","reject":null,"stage":"normal","trades":[],"book":{"kind":"normal market","orders":[{"id":3,"side":"BUY","type":"LIMIT","price":10000,"qty":100,"seq":5},{"id":13,"side":"SELL","type":"LIMIT","price":10100,"qty":100,"seq":6}]},"auction":null},
{"line":19,"text":"ADD 21 SELL LIMIT 100.00 40","phase_before":"CONTINUOUS","phase":"CONTINUOUS","reject":null,"stage":"normal","trades":[{"buy":3,"sell":21,"price":10000,"qty":40}],"book":{"kind":"normal market","orders":[{"id":3,"side":"BUY","type":"LIMIT","price":10000,"qty":60,"seq":5},{"id":13,"side":"SELL","type":"LIMIT","price":10100,"qty":100,"seq":6}]},"auction":null},
{"line":20,"text":"ADD 22 BUY MARKET 120","phase_before":"CONTINUOUS","phase":"CONTINUOUS","reject":null,"stage":"normal","trades":[{"buy":22,"sell":13,"price":10100,"qty":100}],"book":{"kind":"normal market","orders":[{"id":3,"side":"BUY","type":"LIMIT","price":10000,"qty":60,"seq":5}]},"auction":null}
]}
